C:\Users\ELCOT\Desktop\DhivyaMart\src\main\java\com\dhivya\dhivyamart\CartController.java
C:\Users\ELCOT\Desktop\DhivyaMart\src\main\java\com\dhivya\dhivyamart\CartItem.java
C:\Users\ELCOT\Desktop\DhivyaMart\src\main\java\com\dhivya\dhivyamart\CartItemRepository.java
C:\Users\ELCOT\Desktop\DhivyaMart\src\main\java\com\dhivya\dhivyamart\CartService.java
C:\Users\ELCOT\Desktop\DhivyaMart\src\main\java\com\dhivya\dhivyamart\DhivyamartApplication.java
C:\Users\ELCOT\Desktop\DhivyaMart\src\main\java\com\dhivya\dhivyamart\LoginController.java
C:\Users\ELCOT\Desktop\DhivyaMart\src\main\java\com\dhivya\dhivyamart\Order.java
C:\Users\ELCOT\Desktop\DhivyaMart\src\main\java\com\dhivya\dhivyamart\OrderController.java
C:\Users\ELCOT\Desktop\DhivyaMart\src\main\java\com\dhivya\dhivyamart\OrderRepository.java
C:\Users\ELCOT\Desktop\DhivyaMart\src\main\java\com\dhivya\dhivyamart\OrderService.java
C:\Users\ELCOT\Desktop\DhivyaMart\src\main\java\com\dhivya\dhivyamart\Product.java
C:\Users\ELCOT\Desktop\DhivyaMart\src\main\java\com\dhivya\dhivyamart\ProductRepository.java
C:\Users\ELCOT\Desktop\DhivyaMart\src\main\java\com\dhivya\dhivyamart\ProductsController.java
C:\Users\ELCOT\Desktop\DhivyaMart\src\main\java\com\dhivya\dhivyamart\ProductService.java
C:\Users\ELCOT\Desktop\DhivyaMart\src\main\java\com\dhivya\dhivyamart\RegisterController.java
C:\Users\ELCOT\Desktop\DhivyaMart\src\main\java\com\dhivya\dhivyamart\User.java
C:\Users\ELCOT\Desktop\DhivyaMart\src\main\java\com\dhivya\dhivyamart\UserRepository.java
C:\Users\ELCOT\Desktop\DhivyaMart\src\main\java\com\dhivya\dhivyamart\UserService.java
